>ITS1F
CTTGGTCATTTAGAGGAAGTAA
>ITS4
TCCTCCGCTTATTGATATGC
