>gITS7
GTGARTCATCGARTCTTTG
>ITS4
TCCTCCGCTTATTGATATGC
